
================================================================
Alignments in file: V_alignments.csv
Date: Sun Nov 18 15:20:47 2018

Score threshold = 50
Best alignement per gene/allele only = 1
Best gene/allele candidate only = 0
Min Offset = -32768
Max Offset = 32767
Using template specific offsets = 0
Using reversed offsets = 0
Gap penalty = 50
Substitution matrix:
15x15 Matrix
5 -14 -14 -14 -14 2 -14 2 2 -14 -14 1 1 1 0
-14 5 -14 -14 -14 2 2 -14 -14 2 1 -14 1 1 0
-14 -14 5 -14 2 -14 2 -14 2 -14 1 1 -14 1 0
-14 -14 -14 5 2 -14 -14 2 -14 2 1 1 1 -14 0
-14 -14 2 2 1.5 -14 -12 -12 -12 -12 1 1 -13 -13 0
2 2 -14 -14 -14 1.5 -12 -12 -12 -12 -13 -13 1 1 0
-14 2 2 -14 -12 -12 1.5 -14 -12 -12 1 -13 -13 1 0
2 -14 -14 2 -12 -12 -14 1.5 -12 -12 -13 1 1 -13 0
2 -14 2 -14 -12 -12 -12 -12 1.5 -14 -13 1 -13 1 0
-14 2 -14 2 -12 -12 -12 -12 -14 1.5 1 -13 1 -13 0
-14 1 1 1 1 -13 1 -13 -13 1 0.5 -12 -12 -12 0
1 -14 1 1 1 -13 -13 1 1 -13 -12 0.5 -12 -12 0
1 1 -14 1 -13 1 -13 1 -13 1 -12 -12 0.5 -12 0
1 1 1 -14 -13 1 1 -13 1 -13 -12 -12 -12 0.5 0
0 0 0 0 0 0 0 0 0 0 0 0 0 0 0

20 sequences processed in 15.4147 seconds

================================================================
Alignments in file: D_alignments.csv
Date: Sun Nov 18 15:21:03 2018

Score threshold = 15
Best alignement per gene/allele only = 0
Best gene/allele candidate only = 0
Min Offset = -32768
Max Offset = 32767
Using template specific offsets = 0
Using reversed offsets = 0
Gap penalty = 50
Substitution matrix:
15x15 Matrix
5 -14 -14 -14 -14 2 -14 2 2 -14 -14 1 1 1 0
-14 5 -14 -14 -14 2 2 -14 -14 2 1 -14 1 1 0
-14 -14 5 -14 2 -14 2 -14 2 -14 1 1 -14 1 0
-14 -14 -14 5 2 -14 -14 2 -14 2 1 1 1 -14 0
-14 -14 2 2 1.5 -14 -12 -12 -12 -12 1 1 -13 -13 0
2 2 -14 -14 -14 1.5 -12 -12 -12 -12 -13 -13 1 1 0
-14 2 2 -14 -12 -12 1.5 -14 -12 -12 1 -13 -13 1 0
2 -14 -14 2 -12 -12 -14 1.5 -12 -12 -13 1 1 -13 0
2 -14 2 -14 -12 -12 -12 -12 1.5 -14 -13 1 -13 1 0
-14 2 -14 2 -12 -12 -12 -12 -14 1.5 1 -13 1 -13 0
-14 1 1 1 1 -13 1 -13 -13 1 0.5 -12 -12 -12 0
1 -14 1 1 1 -13 -13 1 1 -13 -12 0.5 -12 -12 0
1 1 -14 1 -13 1 -13 1 -13 1 -12 -12 0.5 -12 0
1 1 1 -14 -13 1 1 -13 1 -13 -12 -12 -12 0.5 0
0 0 0 0 0 0 0 0 0 0 0 0 0 0 0

20 sequences processed in 0.316995 seconds

================================================================
Alignments in file: J_alignments.csv
Date: Sun Nov 18 15:21:03 2018

Score threshold = 15
Best alignement per gene/allele only = 1
Best gene/allele candidate only = 0
Min Offset = -32768
Max Offset = 32767
Using template specific offsets = 0
Using reversed offsets = 0
Gap penalty = 50
Substitution matrix:
15x15 Matrix
5 -14 -14 -14 -14 2 -14 2 2 -14 -14 1 1 1 0
-14 5 -14 -14 -14 2 2 -14 -14 2 1 -14 1 1 0
-14 -14 5 -14 2 -14 2 -14 2 -14 1 1 -14 1 0
-14 -14 -14 5 2 -14 -14 2 -14 2 1 1 1 -14 0
-14 -14 2 2 1.5 -14 -12 -12 -12 -12 1 1 -13 -13 0
2 2 -14 -14 -14 1.5 -12 -12 -12 -12 -13 -13 1 1 0
-14 2 2 -14 -12 -12 1.5 -14 -12 -12 1 -13 -13 1 0
2 -14 -14 2 -12 -12 -14 1.5 -12 -12 -13 1 1 -13 0
2 -14 2 -14 -12 -12 -12 -12 1.5 -14 -13 1 -13 1 0
-14 2 -14 2 -12 -12 -12 -12 -14 1.5 1 -13 1 -13 0
-14 1 1 1 1 -13 1 -13 -13 1 0.5 -12 -12 -12 0
1 -14 1 1 1 -13 -13 1 1 -13 -12 0.5 -12 -12 0
1 1 -14 1 -13 1 -13 1 -13 1 -12 -12 0.5 -12 0
1 1 1 -14 -13 1 1 -13 1 -13 -12 -12 -12 0.5 0
0 0 0 0 0 0 0 0 0 0 0 0 0 0 0

20 sequences processed in 0.102591 seconds
